Test cases for the BaseGeometry class and its methods.

>>> bg = BaseGeometry()

# Test the area() method implementation (should raise Exception)
>>> try:
...     bg.area()
... except Exception as e:
...     print(e)
area() is not implemented

# --- Test integer_validator(self, name, value) ---

# Test valid integers (should pass silently)
>>> bg.integer_validator("my_int", 12)
>>> bg.integer_validator("width", 89)

# Test case 1: Value is not an integer (TypeError)
>>> try:
...     bg.integer_validator("name", "John")
... except Exception as e:
...     print("[{}] {}".format(e.__class__.__name__, e))
[TypeError] name must be an integer

# Test case 2: Value is a float (TypeError)
>>> try:
...     bg.integer_validator("height", 5.5)
... except Exception as e:
...     print("[{}] {}".format(e.__class__.__name__, e))
[TypeError] height must be an integer

# Test case 3: Value is 0 (ValueError)
>>> try:
...     bg.integer_validator("age", 0)
... except Exception as e:
...     print("[{}] {}".format(e.__class__.__name__, e))
[ValueError] age must be greater than 0

# Test case 4: Value is negative (-4) (ValueError)
>>> try:
...     bg.integer_validator("distance", -4)
... except Exception as e:
...     print("[{}] {}".format(e.__class__.__name__, e))
[ValueError] distance must be greater than 0

# Test case 5: Value is a large positive integer
>>> bg.integer_validator("large_number", 999999999)
>>> print(bg.integer_validator("large_number", 999999999))
None

# Test case 6: Value is a boolean (TypeError, booleans are subclass of int, but we test for exact type 'int')
>>> try:
...     bg.integer_validator("status", True)
... except Exception as e:
...     print("[{}] {}".format(e.__class__.__name__, e))
[TypeError] status must be an integer

# Test documentation for module, class, and method
>>> import sys; sys.path.insert(0, '.'); bg_mod = __import__('7-base_geometry'); print(bg_mod.__doc__ is not None and len(bg_mod.__doc__) > 10)
True
>>> print(bg_mod.BaseGeometry.__doc__ is not None and len(bg_mod.BaseGeometry.__doc__) > 10)
True
>>> print(bg_mod.BaseGeometry.area.__doc__ is not None and len(bg_mod.BaseGeometry.area.__doc__) > 10)
True
>>> print(bg_mod.BaseGeometry.integer_validator.__doc__ is not None and len(bg_mod.BaseGeometry.integer_validator.__doc__) > 10)
True
